Archive member included to satisfy reference by file (symbol)

libc.a(stdio.o)               malloc_test.o (puts)
libc.a(start.o)               (_start)
libc.a(init.o)                libc.a(start.o) (__init)
libc.a(mem_alloc.o)           malloc_test.o (my_malloc)
libc.a(console.o)             libc.a(stdio.o) (Console::vprintf(char const*, char*))
libc.a(console_kernel.o)      libc.a(stdio.o) (vtable for Console_kernel)

Merging program properties


Discarded input sections

 .data          0x0000000000000000        0x0 malloc_test.o
 .bss           0x0000000000000000        0x0 malloc_test.o
 .note.GNU-stack
                0x0000000000000000        0x0 malloc_test.o
 .eh_frame      0x0000000000000000       0x5c malloc_test.o
 .group         0x0000000000000000        0x8 libc.a(stdio.o)
 .group         0x0000000000000000        0xc libc.a(stdio.o)
 .data          0x0000000000000000        0x0 libc.a(stdio.o)
 .note.GNU-stack
                0x0000000000000000        0x0 libc.a(stdio.o)
 .note.gnu.property
                0x0000000000000000       0x28 libc.a(stdio.o)
 .eh_frame      0x0000000000000000       0xd4 libc.a(stdio.o)
 .data          0x0000000000000000        0x0 libc.a(start.o)
 .bss           0x0000000000000000        0x0 libc.a(start.o)
 .note.gnu.property
                0x0000000000000000       0x28 libc.a(start.o)
 .data          0x0000000000000000        0x0 libc.a(init.o)
 .bss           0x0000000000000000        0x0 libc.a(init.o)
 .note.GNU-stack
                0x0000000000000000        0x0 libc.a(init.o)
 .note.gnu.property
                0x0000000000000000       0x28 libc.a(init.o)
 .eh_frame      0x0000000000000000       0x38 libc.a(init.o)
 .data          0x0000000000000000        0x0 libc.a(mem_alloc.o)
 .note.GNU-stack
                0x0000000000000000        0x0 libc.a(mem_alloc.o)
 .note.gnu.property
                0x0000000000000000       0x28 libc.a(mem_alloc.o)
 .eh_frame      0x0000000000000000      0x25c libc.a(mem_alloc.o)
 .data          0x0000000000000000        0x0 libc.a(console.o)
 .bss           0x0000000000000000        0x0 libc.a(console.o)
 .note.GNU-stack
                0x0000000000000000        0x0 libc.a(console.o)
 .note.gnu.property
                0x0000000000000000       0x28 libc.a(console.o)
 .eh_frame      0x0000000000000000      0x16c libc.a(console.o)
 .group         0x0000000000000000        0xc libc.a(console_kernel.o)
 .data          0x0000000000000000        0x0 libc.a(console_kernel.o)
 .bss           0x0000000000000000        0x0 libc.a(console_kernel.o)
 .note.GNU-stack
                0x0000000000000000        0x0 libc.a(console_kernel.o)
 .note.gnu.property
                0x0000000000000000       0x28 libc.a(console_kernel.o)
 .eh_frame      0x0000000000000000       0x5c libc.a(console_kernel.o)

Memory Configuration

Name             Origin             Length             Attributes
*default*        0x0000000000000000 0xffffffffffffffff

Linker script and memory map

                0x00000000c0000000                stack_top = 0xc0000000
                0x0000000000001000                . = 0x1000
                0x0000000000001074                . = (. + SIZEOF_HEADERS)

.text           0x0000000000001074      0xa39
 *(.text*)
 .text          0x0000000000001074       0xa4 malloc_test.o
                0x0000000000001074                main
 .text          0x0000000000001118       0xb2 libc.a(stdio.o)
                0x0000000000001149                panic
                0x0000000000001169                printf
                0x00000000000011a3                puts
                0x00000000000011b8                __cxa_pure_virtual
 .text._ZN8Spinlock4lockEv
                0x00000000000011ca       0x19 libc.a(stdio.o)
                0x00000000000011ca                Spinlock::lock()
 .text          0x00000000000011e3       0x11 libc.a(start.o)
                0x00000000000011e3                _start
 .text          0x00000000000011f4       0x44 libc.a(init.o)
                0x00000000000011f4                __init
 .text          0x0000000000001238      0x410 libc.a(mem_alloc.o)
                0x0000000000001238                first_match(unsigned long)
                0x0000000000001284                set_size(unsigned long*, unsigned long)
                0x0000000000001299                set_present(unsigned long*, bool)
                0x00000000000012c0                initial_heap_setup(unsigned long)
                0x0000000000001341                expand_tail(unsigned long)
                0x00000000000013f4                split_and_alloc(unsigned long*, unsigned long)
                0x000000000000145c                my_malloc
                0x00000000000014d5                merge_blocks(unsigned long*, unsigned long*)
                0x0000000000001502                free_and_merge(unsigned long*)
                0x000000000000157f                my_free
                0x00000000000015cc                print_blocks()
 .text          0x0000000000001648      0x41a libc.a(console.o)
                0x0000000000001648                Console::print_number(unsigned long long, unsigned int, unsigned int, unsigned int)
                0x00000000000017b6                Console::vprintf(char const*, char*)
 .text          0x0000000000001a62       0x4b libc.a(console_kernel.o)
                0x0000000000001a7a                Console_kernel::putc(int)

.iplt           0x0000000000001aad        0x0
 .iplt          0x0000000000001aad        0x0 malloc_test.o

.eh_frame_hdr   0x0000000000001ab0        0x0
 .eh_frame_hdr  0x0000000000001ab0        0x0 malloc_test.o

.init_array     0x0000000000001ab0      0x550
                0x0000000000001ab0                PROVIDE (CTORS_L = .)
 *(.init_array.65534 .ctors.00001)
                0x0000000000001ab0                PROVIDE (CTORS_G = .)
 *(.init_array.* .ctors.*)
 .init_array.00101
                0x0000000000001ab0        0x4 libc.a(stdio.o)
 *(.init_array .ctors)
                0x0000000000001ab4                PROVIDE (CTORS_E = .)
                0x0000000000002000                . = ALIGN (0x1000)
 *fill*         0x0000000000001ab4      0x54c 
                0x0000000000002000                . = ALIGN (0x1000)

.data           0x0000000000002000      0x1c8
                0x0000000000002000        0x1 BYTE 0x42
 *(.rodata*)
 .rodata.str1.1
                0x0000000000002001        0xe malloc_test.o
 .rodata.str1.1
                0x000000000000200f        0x4 libc.a(stdio.o)
 *fill*         0x0000000000002013        0x1 
 .rodata._ZTV7Console
                0x0000000000002014        0xc libc.a(stdio.o)
                0x0000000000002014                vtable for Console
 .rodata.str1.1
                0x0000000000002020       0x11 libc.a(mem_alloc.o)
 *fill*         0x0000000000002031        0x3 
 .rodata.str1.4
                0x0000000000002034       0x1f libc.a(mem_alloc.o)
 .rodata.str1.1
                0x0000000000002053       0x11 libc.a(console.o)
 .rodata        0x0000000000002064      0x158 libc.a(console.o)
 .rodata._ZTV14Console_kernel
                0x00000000000021bc        0xc libc.a(console_kernel.o)
                0x00000000000021bc                vtable for Console_kernel
 *(.data*)

.got            0x00000000000021c8        0x0
 .got           0x00000000000021c8        0x0 malloc_test.o

.got.plt        0x00000000000021c8        0x0
 .got.plt       0x00000000000021c8        0x0 malloc_test.o

.igot.plt       0x00000000000021c8        0x0
 .igot.plt      0x00000000000021c8        0x0 malloc_test.o

.note.gnu.property
                0x00000000000021c8       0x28
 .note.gnu.property
                0x00000000000021c8       0x28 malloc_test.o

.rel.dyn        0x00000000000021f0        0x0
 .rel.got       0x00000000000021f0        0x0 malloc_test.o
 .rel.iplt      0x00000000000021f0        0x0 malloc_test.o
 .rel.text      0x00000000000021f0        0x0 malloc_test.o
 .rel.rodata._ZTV7Console
                0x00000000000021f0        0x0 malloc_test.o

.bss            0x0000000000002200       0x9c
 *(.bss*)
 .bss           0x0000000000002200       0x90 libc.a(stdio.o)
                0x0000000000002200                printf_lock
                0x0000000000002220                console
 .bss           0x0000000000002290        0xc libc.a(mem_alloc.o)
                0x0000000000002290                brk_val
                0x0000000000002294                tail
                0x0000000000002298                head
                [!provide]                        PROVIDE (BSS_E = .)

.stab
 *(.stab)

.stabstr
 *(.stabstr)

.stab.excl
 *(.stab.excl)

.stab.exclstr
 *(.stab.exclstr)

.stab.index
 *(.stab.index)

.stab.indexstr
 *(.stab.indexstr)

.comment        0x0000000000000000       0x2e
 *(.comment)
 .comment       0x0000000000000000       0x2e malloc_test.o
                                         0x2f (size before relaxing)
 .comment       0x000000000000002e       0x2f libc.a(stdio.o)
 .comment       0x000000000000002e       0x2f libc.a(init.o)
 .comment       0x000000000000002e       0x2f libc.a(mem_alloc.o)
 .comment       0x000000000000002e       0x2f libc.a(console.o)
 .comment       0x000000000000002e       0x2f libc.a(console_kernel.o)

.debug
 *(.debug)

.line
 *(.line)

.debug_srcinfo
 *(.debug_srcinfo)

.debug_sfnames
 *(.debug_sfnames)

.debug_aranges  0x0000000000000000       0xe8
 *(.debug_aranges)
 .debug_aranges
                0x0000000000000000       0x20 malloc_test.o
 .debug_aranges
                0x0000000000000020       0x28 libc.a(stdio.o)
 .debug_aranges
                0x0000000000000048       0x20 libc.a(start.o)
 .debug_aranges
                0x0000000000000068       0x20 libc.a(init.o)
 .debug_aranges
                0x0000000000000088       0x20 libc.a(mem_alloc.o)
 .debug_aranges
                0x00000000000000a8       0x20 libc.a(console.o)
 .debug_aranges
                0x00000000000000c8       0x20 libc.a(console_kernel.o)

.debug_pubnames
 *(.debug_pubnames)

.debug_info     0x0000000000000000     0x1ea9
 *(.debug_info .gnu.linkonce.wi.*)
 .debug_info    0x0000000000000000      0x144 malloc_test.o
 .debug_info    0x0000000000000144      0x7d0 libc.a(stdio.o)
 .debug_info    0x0000000000000914       0x24 libc.a(start.o)
 .debug_info    0x0000000000000938      0x165 libc.a(init.o)
 .debug_info    0x0000000000000a9d      0xbec libc.a(mem_alloc.o)
 .debug_info    0x0000000000001689      0x4fa libc.a(console.o)
 .debug_info    0x0000000000001b83      0x326 libc.a(console_kernel.o)

.debug_abbrev   0x0000000000000000      0xcc2
 *(.debug_abbrev)
 .debug_abbrev  0x0000000000000000       0x9b malloc_test.o
 .debug_abbrev  0x000000000000009b      0x409 libc.a(stdio.o)
 .debug_abbrev  0x00000000000004a4       0x14 libc.a(start.o)
 .debug_abbrev  0x00000000000004b8       0xf2 libc.a(init.o)
 .debug_abbrev  0x00000000000005aa      0x251 libc.a(mem_alloc.o)
 .debug_abbrev  0x00000000000007fb      0x2b0 libc.a(console.o)
 .debug_abbrev  0x0000000000000aab      0x217 libc.a(console_kernel.o)

.debug_line     0x0000000000000000      0xd49
 *(.debug_line .debug_line.* .debug_line_end)
 .debug_line    0x0000000000000000       0x92 malloc_test.o
 .debug_line    0x0000000000000092      0x166 libc.a(stdio.o)
 .debug_line    0x00000000000001f8       0x4a libc.a(start.o)
 .debug_line    0x0000000000000242       0xd9 libc.a(init.o)
 .debug_line    0x000000000000031b      0x5bf libc.a(mem_alloc.o)
 .debug_line    0x00000000000008da      0x3bc libc.a(console.o)
 .debug_line    0x0000000000000c96       0xb3 libc.a(console_kernel.o)

.debug_frame
 *(.debug_frame)

.debug_str      0x0000000000000000      0x98c
 *(.debug_str)
 .debug_str     0x0000000000000000       0xc0 malloc_test.o
                                         0xd7 (size before relaxing)
 .debug_str     0x00000000000000c0      0x537 libc.a(stdio.o)
                                        0x59b (size before relaxing)
 .debug_str     0x00000000000005f7       0x3a libc.a(start.o)
 .debug_str     0x0000000000000631       0x3f libc.a(init.o)
                                        0x190 (size before relaxing)
 .debug_str     0x0000000000000670      0x26f libc.a(mem_alloc.o)
                                        0x406 (size before relaxing)
 .debug_str     0x00000000000008df       0x85 libc.a(console.o)
                                        0x2d1 (size before relaxing)
 .debug_str     0x0000000000000964       0x28 libc.a(console_kernel.o)
                                        0x2a5 (size before relaxing)

.debug_loc
 *(.debug_loc)

.debug_macinfo
 *(.debug_macinfo)

.debug_weaknames
 *(.debug_weaknames)

.debug_funcnames
 *(.debug_funcnames)

.debug_typenames
 *(.debug_typenames)

.debug_varnames
 *(.debug_varnames)

.debug_pubtypes
 *(.debug_pubtypes)

.debug_ranges
 *(.debug_ranges)

.debug_macro
 *(.debug_macro)

.debug_addr
 *(.debug_addr)

.gnu.attributes
 *(.gnu.attributes)

/DISCARD/
 *(.note.GNU-stack)
 *(.gnu_debuglink)
 *(.gnu.lto_*)
LOAD malloc_test.o
LOAD libc.a
OUTPUT(malloc_test elf32-i386)

.debug_loclists
                0x0000000000000000      0xa3b
 .debug_loclists
                0x0000000000000000       0x76 malloc_test.o
 .debug_loclists
                0x0000000000000076       0xb0 libc.a(stdio.o)
 .debug_loclists
                0x0000000000000126       0x38 libc.a(init.o)
 .debug_loclists
                0x000000000000015e      0x48e libc.a(mem_alloc.o)
 .debug_loclists
                0x00000000000005ec      0x3c2 libc.a(console.o)
 .debug_loclists
                0x00000000000009ae       0x8d libc.a(console_kernel.o)

.debug_line_str
                0x0000000000000000      0x130
 .debug_line_str
                0x0000000000000000       0x4f malloc_test.o
                                         0x91 (size before relaxing)
 .debug_line_str
                0x000000000000004f       0x8b libc.a(stdio.o)
                                         0xf1 (size before relaxing)
 .debug_line_str
                0x00000000000000da        0x8 libc.a(start.o)
                                         0x3a (size before relaxing)
 .debug_line_str
                0x00000000000000e2       0x15 libc.a(init.o)
                                         0x92 (size before relaxing)
 .debug_line_str
                0x00000000000000f7        0xd libc.a(mem_alloc.o)
                                         0x87 (size before relaxing)
 .debug_line_str
                0x0000000000000104       0x16 libc.a(console.o)
                                         0xc7 (size before relaxing)
 .debug_line_str
                0x000000000000011a       0x16 libc.a(console_kernel.o)
                                         0xe6 (size before relaxing)

.debug_rnglists
                0x0000000000000000       0x6a
 .debug_rnglists
                0x0000000000000000       0x26 libc.a(stdio.o)
 .debug_rnglists
                0x0000000000000026       0x2d libc.a(mem_alloc.o)
 .debug_rnglists
                0x0000000000000053       0x17 libc.a(console.o)
